// Jest Snapshot v1, https://goo.gl/fbAQLP

exports[`map state gets initial state 1`] = `
Object {
  "name": "from initial",
}
`;
