exports[`test can map state 1`] = `
<div>
  Hello 
  DEFAULT
</div>
`;

exports[`test can map state 2`] = `
<div>
  Hello 
  UPDATED
</div>
`;
