exports[`test update using thunk 1`] = `
<div>
  Hello 
  esa
</div>
`;

exports[`test update using thunk 2`] = `
<div>
  Hello 
  thunk
</div>
`;
